Command line invocation:
    /Applications/Xcode.app/Contents/Developer/usr/bin/xcodebuild -scheme Echoes -destination "platform=iOS Simulator,name=iPhone 17"

ComputePackagePrebuildTargetDependencyGraph

Prepare packages

CreateBuildRequest

SendProjectDescription

CreateBuildOperation

ComputeTargetDependencyGraph
note: Building targets in dependency order
note: Target dependency graph (1 target)
    Target 'Echoes' in project 'Echoes' (no dependencies)

GatherProvisioningInputs

CreateBuildDescription

ExecuteExternalTool /Applications/Xcode.app/Contents/Developer/Toolchains/XcodeDefault.xctoolchain/usr/bin/clang -v -E -dM -isysroot /Applications/Xcode.app/Contents/Developer/Platforms/iPhoneSimulator.platform/Developer/SDKs/iPhoneSimulator26.2.sdk -x c -c /dev/null

ExecuteExternalTool /usr/bin/what -q /Applications/Xcode.app/Contents/Developer/Toolchains/XcodeDefault.xctoolchain/usr/bin/coremlc

ExecuteExternalTool /Applications/Xcode.app/Contents/Developer/Toolchains/XcodeDefault.xctoolchain/usr/bin/coremlc generate /Users/arboy/dev/apple-competition/Echoes/Echoes/Models/ML/EchoThemeClassifier.mlmodel /Users/arboy/Library/Developer/Xcode/DerivedData/Echoes-ennunyhdmbhcjsgamhppxhhdeonb/Build/Intermediates.noindex/Echoes.build/Debug-iphonesimulator/Echoes.build/DerivedSources/CoreMLGenerated/EchoThemeClassifier --dry-run yes --deployment-target 26.2 --sdkroot /Applications/Xcode.app/Contents/Developer/Platforms/iPhoneSimulator.platform/Developer/SDKs/iPhoneSimulator26.2.sdk --platform ios --output-partial-info-plist /Users/arboy/Library/Developer/Xcode/DerivedData/Echoes-ennunyhdmbhcjsgamhppxhhdeonb/Build/Intermediates.noindex/Echoes.build/Debug-iphonesimulator/Echoes.build/EchoThemeClassifier-CoreMLPartialInfo.plist --container bundle-resources --language Swift --swift-version 5.0

ExecuteExternalTool /Applications/Xcode.app/Contents/Developer/usr/bin/actool --print-asset-tag-combinations --output-format xml1 /Users/arboy/dev/apple-competition/Echoes/Echoes/Assets.xcassets

ExecuteExternalTool /Applications/Xcode.app/Contents/Developer/usr/bin/actool --version --output-format xml1

ExecuteExternalTool /Applications/Xcode.app/Contents/Developer/Toolchains/XcodeDefault.xctoolchain/usr/bin/swiftc --version

ExecuteExternalTool /Applications/Xcode.app/Contents/Developer/Toolchains/XcodeDefault.xctoolchain/usr/bin/ld -version_details

Build description signature: 294b6a17b4fdb001d99480918b710f4b
Build description path: /Users/arboy/Library/Developer/Xcode/DerivedData/Echoes-ennunyhdmbhcjsgamhppxhhdeonb/Build/Intermediates.noindex/XCBuildData/294b6a17b4fdb001d99480918b710f4b.xcbuilddata
ClangStatCache /Applications/Xcode.app/Contents/Developer/Toolchains/XcodeDefault.xctoolchain/usr/bin/clang-stat-cache /Applications/Xcode.app/Contents/Developer/Platforms/iPhoneSimulator.platform/Developer/SDKs/iPhoneSimulator26.2.sdk /Users/arboy/Library/Developer/Xcode/DerivedData/SDKStatCaches.noindex/iphonesimulator26.2-23C53-7d00a8b37fbd7999ea79df8ebc024bf0.sdkstatcache
    cd /Users/arboy/dev/apple-competition/Echoes/Echoes.xcodeproj
    /Applications/Xcode.app/Contents/Developer/Toolchains/XcodeDefault.xctoolchain/usr/bin/clang-stat-cache /Applications/Xcode.app/Contents/Developer/Platforms/iPhoneSimulator.platform/Developer/SDKs/iPhoneSimulator26.2.sdk -o /Users/arboy/Library/Developer/Xcode/DerivedData/SDKStatCaches.noindex/iphonesimulator26.2-23C53-7d00a8b37fbd7999ea79df8ebc024bf0.sdkstatcache

ProcessInfoPlistFile /Users/arboy/Library/Developer/Xcode/DerivedData/Echoes-ennunyhdmbhcjsgamhppxhhdeonb/Build/Products/Debug-iphonesimulator/Echoes.app/Info.plist /Users/arboy/dev/apple-competition/Echoes/Echoes/Info.plist (in target 'Echoes' from project 'Echoes')
    cd /Users/arboy/dev/apple-competition/Echoes
    builtin-infoPlistUtility /Users/arboy/dev/apple-competition/Echoes/Echoes/Info.plist -producttype com.apple.product-type.application -genpkginfo /Users/arboy/Library/Developer/Xcode/DerivedData/Echoes-ennunyhdmbhcjsgamhppxhhdeonb/Build/Products/Debug-iphonesimulator/Echoes.app/PkgInfo -expandbuildsettings -format binary -platform iphonesimulator -additionalcontentfile /Users/arboy/Library/Developer/Xcode/DerivedData/Echoes-ennunyhdmbhcjsgamhppxhhdeonb/Build/Intermediates.noindex/Echoes.build/Debug-iphonesimulator/Echoes.build/EchoThemeClassifier-CoreMLPartialInfo.plist -additionalcontentfile /Users/arboy/Library/Developer/Xcode/DerivedData/Echoes-ennunyhdmbhcjsgamhppxhhdeonb/Build/Intermediates.noindex/Echoes.build/Debug-iphonesimulator/Echoes.build/assetcatalog_generated_info.plist -o /Users/arboy/Library/Developer/Xcode/DerivedData/Echoes-ennunyhdmbhcjsgamhppxhhdeonb/Build/Products/Debug-iphonesimulator/Echoes.app/Info.plist

SwiftDriver Echoes normal arm64 com.apple.xcode.tools.swift.compiler (in target 'Echoes' from project 'Echoes')
    cd /Users/arboy/dev/apple-competition/Echoes
    builtin-SwiftDriver -- /Applications/Xcode.app/Contents/Developer/Toolchains/XcodeDefault.xctoolchain/usr/bin/swiftc -module-name Echoes -Onone -enforce-exclusivity\=checked @/Users/arboy/Library/Developer/Xcode/DerivedData/Echoes-ennunyhdmbhcjsgamhppxhhdeonb/Build/Intermediates.noindex/Echoes.build/Debug-iphonesimulator/Echoes.build/Objects-normal/arm64/Echoes.SwiftFileList -DDEBUG -default-isolation\=MainActor -enable-bare-slash-regex -enable-upcoming-feature DisableOutwardActorInference -enable-upcoming-feature InferSendableFromCaptures -enable-upcoming-feature GlobalActorIsolatedTypesUsability -enable-upcoming-feature MemberImportVisibility -enable-upcoming-feature InferIsolatedConformances -enable-upcoming-feature NonisolatedNonsendingByDefault -enable-experimental-feature DebugDescriptionMacro -sdk /Applications/Xcode.app/Contents/Developer/Platforms/iPhoneSimulator.platform/Developer/SDKs/iPhoneSimulator26.2.sdk -target arm64-apple-ios26.2-simulator -g -module-cache-path /Users/arboy/Library/Developer/Xcode/DerivedData/ModuleCache.noindex -Xfrontend -serialize-debugging-options -enable-testing -index-store-path /Users/arboy/Library/Developer/Xcode/DerivedData/Echoes-ennunyhdmbhcjsgamhppxhhdeonb/Index.noindex/DataStore -Xcc -D_LIBCPP_HARDENING_MODE\=_LIBCPP_HARDENING_MODE_DEBUG -swift-version 5 -I /Users/arboy/Library/Developer/Xcode/DerivedData/Echoes-ennunyhdmbhcjsgamhppxhhdeonb/Build/Products/Debug-iphonesimulator -F /Users/arboy/Library/Developer/Xcode/DerivedData/Echoes-ennunyhdmbhcjsgamhppxhhdeonb/Build/Products/Debug-iphonesimulator -emit-localized-strings -emit-localized-strings-path /Users/arboy/Library/Developer/Xcode/DerivedData/Echoes-ennunyhdmbhcjsgamhppxhhdeonb/Build/Intermediates.noindex/Echoes.build/Debug-iphonesimulator/Echoes.build/Objects-normal/arm64 -c -j14 -enable-batch-mode -incremental -Xcc -ivfsstatcache -Xcc /Users/arboy/Library/Developer/Xcode/DerivedData/SDKStatCaches.noindex/iphonesimulator26.2-23C53-7d00a8b37fbd7999ea79df8ebc024bf0.sdkstatcache -output-file-map /Users/arboy/Library/Developer/Xcode/DerivedData/Echoes-ennunyhdmbhcjsgamhppxhhdeonb/Build/Intermediates.noindex/Echoes.build/Debug-iphonesimulator/Echoes.build/Objects-normal/arm64/Echoes-OutputFileMap.json -use-frontend-parseable-output -save-temps -no-color-diagnostics -explicit-module-build -module-cache-path /Users/arboy/Library/Developer/Xcode/DerivedData/Echoes-ennunyhdmbhcjsgamhppxhhdeonb/Build/Intermediates.noindex/SwiftExplicitPrecompiledModules -clang-scanner-module-cache-path /Users/arboy/Library/Developer/Xcode/DerivedData/ModuleCache.noindex -sdk-module-cache-path /Users/arboy/Library/Developer/Xcode/DerivedData/ModuleCache.noindex -serialize-diagnostics -emit-dependencies -emit-module -emit-module-path /Users/arboy/Library/Developer/Xcode/DerivedData/Echoes-ennunyhdmbhcjsgamhppxhhdeonb/Build/Intermediates.noindex/Echoes.build/Debug-iphonesimulator/Echoes.build/Objects-normal/arm64/Echoes.swiftmodule -validate-clang-modules-once -clang-build-session-file /Users/arboy/Library/Developer/Xcode/DerivedData/ModuleCache.noindex/Session.modulevalidation -Xcc -I/Users/arboy/Library/Developer/Xcode/DerivedData/Echoes-ennunyhdmbhcjsgamhppxhhdeonb/Build/Intermediates.noindex/Echoes.build/Debug-iphonesimulator/Echoes.build/swift-overrides.hmap -emit-const-values -Xfrontend -const-gather-protocols-file -Xfrontend /Users/arboy/Library/Developer/Xcode/DerivedData/Echoes-ennunyhdmbhcjsgamhppxhhdeonb/Build/Intermediates.noindex/Echoes.build/Debug-iphonesimulator/Echoes.build/Objects-normal/arm64/Echoes_const_extract_protocols.json -Xcc -iquote -Xcc /Users/arboy/Library/Developer/Xcode/DerivedData/Echoes-ennunyhdmbhcjsgamhppxhhdeonb/Build/Intermediates.noindex/Echoes.build/Debug-iphonesimulator/Echoes.build/Echoes-generated-files.hmap -Xcc -I/Users/arboy/Library/Developer/Xcode/DerivedData/Echoes-ennunyhdmbhcjsgamhppxhhdeonb/Build/Intermediates.noindex/Echoes.build/Debug-iphonesimulator/Echoes.build/Echoes-own-target-headers.hmap -Xcc -I/Users/arboy/Library/Developer/Xcode/DerivedData/Echoes-ennunyhdmbhcjsgamhppxhhdeonb/Build/Intermediates.noindex/Echoes.build/Debug-iphonesimulator/Echoes.build/Echoes-all-target-headers.hmap -Xcc -iquote -Xcc /Users/arboy/Library/Developer/Xcode/DerivedData/Echoes-ennunyhdmbhcjsgamhppxhhdeonb/Build/Intermediates.noindex/Echoes.build/Debug-iphonesimulator/Echoes.build/Echoes-project-headers.hmap -Xcc -I/Users/arboy/Library/Developer/Xcode/DerivedData/Echoes-ennunyhdmbhcjsgamhppxhhdeonb/Build/Products/Debug-iphonesimulator/include -Xcc -I/Users/arboy/Library/Developer/Xcode/DerivedData/Echoes-ennunyhdmbhcjsgamhppxhhdeonb/Build/Intermediates.noindex/Echoes.build/Debug-iphonesimulator/Echoes.build/DerivedSources-normal/arm64 -Xcc -I/Users/arboy/Library/Developer/Xcode/DerivedData/Echoes-ennunyhdmbhcjsgamhppxhhdeonb/Build/Intermediates.noindex/Echoes.build/Debug-iphonesimulator/Echoes.build/DerivedSources/arm64 -Xcc -I/Users/arboy/Library/Developer/Xcode/DerivedData/Echoes-ennunyhdmbhcjsgamhppxhhdeonb/Build/Intermediates.noindex/Echoes.build/Debug-iphonesimulator/Echoes.build/DerivedSources -Xcc -DDEBUG\=1 -emit-objc-header -emit-objc-header-path /Users/arboy/Library/Developer/Xcode/DerivedData/Echoes-ennunyhdmbhcjsgamhppxhhdeonb/Build/Intermediates.noindex/Echoes.build/Debug-iphonesimulator/Echoes.build/Objects-normal/arm64/Echoes-Swift.h -working-directory /Users/arboy/dev/apple-competition/Echoes -experimental-emit-module-separately -disable-cmo

SwiftCompile normal arm64 Compiling\ OrbitMapView.swift /Users/arboy/dev/apple-competition/Echoes/Echoes/Views/Orbit/OrbitMapView.swift (in target 'Echoes' from project 'Echoes')

SwiftCompile normal arm64 /Users/arboy/dev/apple-competition/Echoes/Echoes/Views/Orbit/OrbitMapView.swift (in target 'Echoes' from project 'Echoes')
    cd /Users/arboy/dev/apple-competition/Echoes
    
/Users/arboy/dev/apple-competition/Echoes/Echoes/Views/Orbit/OrbitMapView.swift:111:24: error: cannot find 'SpeakerSheetItem' in scope
                return SpeakerSheetItem(name: name, profile: selectedSpeakerProfile)
                       ^~~~~~~~~~~~~~~~
/Users/arboy/dev/apple-competition/Echoes/Echoes/Views/Orbit/OrbitMapView.swift:108:30: error: cannot find type 'SpeakerSheetItem' in scope
        .sheet(item: Binding<SpeakerSheetItem?>(
                             ^~~~~~~~~~~~~~~~
/Users/arboy/dev/apple-competition/Echoes/Echoes/Views/Orbit/OrbitMapView.swift:110:68: error: 'nil' requires a contextual type
                guard let name = selectedSpeakerName else { return nil }
                                                                   ^
/Users/arboy/dev/apple-competition/Echoes/Echoes/Views/Orbit/OrbitMapView.swift:113:20: error: cannot infer type of closure parameter 'item' without a type annotation
            set: { item in
                   ^
/Users/arboy/dev/apple-competition/Echoes/Echoes/Views/Orbit/OrbitMapView.swift:119:14: error: cannot infer type of closure parameter 'item' without a type annotation
        )) { item in
             ^

Failed frontend command:
/Applications/Xcode.app/Contents/Developer/Toolchains/XcodeDefault.xctoolchain/usr/bin/swift-frontend -frontend -c /Users/arboy/dev/apple-competition/Echoes/Echoes/Models/Echo.swift /Users/arboy/dev/apple-competition/Echoes/Echoes/Models/Prompt.swift /Users/arboy/dev/apple-competition/Echoes/Echoes/Models/SpeakerProfile.swift /Users/arboy/dev/apple-competition/Echoes/Echoes/Models/ThemeCategory.swift /Users/arboy/dev/apple-competition/Echoes/Echoes/Services/AudioPlayerManager.swift /Users/arboy/dev/apple-competition/Echoes/Echoes/Services/AudioRecorderManager.swift /Users/arboy/dev/apple-competition/Echoes/Echoes/Services/BiometricAuthService.swift /Users/arboy/dev/apple-competition/Echoes/Echoes/Services/CameraStreamService.swift /Users/arboy/dev/apple-competition/Echoes/Echoes/Services/CaptureSessionManager.swift /Users/arboy/dev/apple-competition/Echoes/Echoes/Services/FaceTrackingService.swift /Users/arboy/dev/apple-competition/Echoes/Echoes/Services/RecordingManager.swift /Users/arboy/dev/apple-competition/Echoes/Echoes/Services/StorageManager.swift /Users/arboy/dev/apple-competition/Echoes/Echoes/Services/ThemeAnalyzerService.swift /Users/arboy/dev/apple-competition/Echoes/Echoes/Services/TranscriptionService.swift /Users/arboy/dev/apple-competition/Echoes/Echoes/Theme/Color+NeoRetro.swift /Users/arboy/dev/apple-competition/Echoes/Echoes/Theme/NeoRetroButtonStyle.swift /Users/arboy/dev/apple-competition/Echoes/Echoes/Theme/NeoRetroCardModifier.swift /Users/arboy/dev/apple-competition/Echoes/Echoes/Views/Capture/BlobVisualizerView.swift /Users/arboy/dev/apple-competition/Echoes/Echoes/Views/Capture/CaptureView.swift /Users/arboy/dev/apple-competition/Echoes/Echoes/Views/Capture/FinalizeEchoSheet.swift /Users/arboy/dev/apple-competition/Echoes/Echoes/Views/Kindle/KindleView.swift /Users/arboy/dev/apple-competition/Echoes/Echoes/Views/Kindle/PromptCardView.swift /Users/arboy/dev/apple-competition/Echoes/Echoes/Views/Kindle/SavedPromptsView.swift /Users/arboy/dev/apple-competition/Echoes/Echoes/Views/Library/EchoCardTileView.swift /Users/arboy/dev/apple-competition/Echoes/Echoes/Views/Library/FeaturedMemoryCardView.swift /Users/arboy/dev/apple-competition/Echoes/Echoes/Views/Library/LibraryView.swift /Users/arboy/dev/apple-competition/Echoes/Echoes/Views/Library/SavedEchoesView.swift /Users/arboy/dev/apple-competition/Echoes/Echoes/Views/Onboarding/OnboardingView.swift /Users/arboy/dev/apple-competition/Echoes/Echoes/Views/Orbit/NextEchoNudge.swift -primary-file /Users/arboy/dev/apple-competition/Echoes/Echoes/Views/Orbit/OrbitMapView.swift /Users/arboy/dev/apple-competition/Echoes/Echoes/Views/Orbit/OrbitView.swift /Users/arboy/dev/apple-competition/Echoes/Echoes/Views/Orbit/OrbitViewModel.swift /Users/arboy/dev/apple-competition/Echoes/Echoes/Views/Orbit/SpeakerProfileEditor.swift /Users/arboy/dev/apple-competition/Echoes/Echoes/Views/Orbit/VitalStatsGrid.swift /Users/arboy/dev/apple-competition/Echoes/Echoes/Views/Playback/AudioScrubberView.swift /Users/arboy/dev/apple-competition/Echoes/Echoes/Views/Playback/ConnectionPlaybackView.swift /Users/arboy/dev/apple-competition/Echoes/Echoes/Views/Playback/TranscriptView.swift /Users/arboy/dev/apple-competition/Echoes/Echoes/Views/Profile/ProfileView.swift /Users/arboy/dev/apple-competition/Echoes/Echoes/Views/Settings/FieldGuideView.swift /Users/arboy/dev/apple-competition/Echoes/Echoes/Views/Settings/SettingsView.swift /Users/arboy/dev/apple-competition/Echoes/Echoes/Views/MainTabView.swift /Users/arboy/dev/apple-competition/Echoes/Echoes/ContentView.swift /Users/arboy/dev/apple-competition/Echoes/Echoes/EchoesApp.swift /Users/arboy/dev/apple-competition/Echoes/Echoes/Item.swift /Users/arboy/Library/Developer/Xcode/DerivedData/Echoes-ennunyhdmbhcjsgamhppxhhdeonb/Build/Intermediates.noindex/Echoes.build/Debug-iphonesimulator/Echoes.build/DerivedSources/CoreMLGenerated/EchoThemeClassifier/EchoThemeClassifier.swift /Users/arboy/Library/Developer/Xcode/DerivedData/Echoes-ennunyhdmbhcjsgamhppxhhdeonb/Build/Intermediates.noindex/Echoes.build/Debug-iphonesimulator/Echoes.build/DerivedSources/GeneratedAssetSymbols.swift -emit-dependencies-path /Users/arboy/Library/Developer/Xcode/DerivedData/Echoes-ennunyhdmbhcjsgamhppxhhdeonb/Build/Intermediates.noindex/Echoes.build/Debug-iphonesimulator/Echoes.build/Objects-normal/arm64/OrbitMapView.d -emit-const-values-path /Users/arboy/Library/Developer/Xcode/DerivedData/Echoes-ennunyhdmbhcjsgamhppxhhdeonb/Build/Intermediates.noindex/Echoes.build/Debug-iphonesimulator/Echoes.build/Objects-normal/arm64/OrbitMapView.swiftconstvalues -emit-reference-dependencies-path /Users/arboy/Library/Developer/Xcode/DerivedData/Echoes-ennunyhdmbhcjsgamhppxhhdeonb/Build/Intermediates.noindex/Echoes.build/Debug-iphonesimulator/Echoes.build/Objects-normal/arm64/OrbitMapView.swiftdeps -serialize-diagnostics-path /Users/arboy/Library/Developer/Xcode/DerivedData/Echoes-ennunyhdmbhcjsgamhppxhhdeonb/Build/Intermediates.noindex/Echoes.build/Debug-iphonesimulator/Echoes.build/Objects-normal/arm64/OrbitMapView.dia -emit-localized-strings -emit-localized-strings-path /Users/arboy/Library/Developer/Xcode/DerivedData/Echoes-ennunyhdmbhcjsgamhppxhhdeonb/Build/Intermediates.noindex/Echoes.build/Debug-iphonesimulator/Echoes.build/Objects-normal/arm64 -target arm64-apple-ios26.2-simulator -module-can-import-version DeveloperToolsSupport 23.0.4 23.0.4 -module-can-import-version SwiftUI 7.2.5.1 7.2.5 -module-can-import-version UIKit 9126.2.4.1 9126.2.4 -disable-cross-import-overlay-search -swift-module-cross-import PhotosUI /Applications/Xcode.app/Contents/Developer/Platforms/iPhoneSimulator.platform/Developer/SDKs/iPhoneSimulator.sdk/System/Library/Frameworks/PhotosUI.framework/Modules/PhotosUI.swiftcrossimport/SwiftUI.swiftoverlay -swift-module-cross-import PhotosUI /Applications/Xcode.app/Contents/Developer/Platforms/iPhoneSimulator.platform/Developer/SDKs/iPhoneSimulator.sdk/System/Library/Frameworks/PhotosUI.framework/Modules/PhotosUI.swiftcrossimport/WidgetKit.swiftoverlay -swift-module-cross-import PhotosUI /Applications/Xcode.app/Contents/Developer/Platforms/iPhoneSimulator.platform/Developer/SDKs/iPhoneSimulator26.2.sdk/System/Library/Frameworks/PhotosUI.framework/Modules/PhotosUI.swiftcrossimport/SwiftUI.swiftoverlay -swift-module-cross-import PhotosUI /Applications/Xcode.app/Contents/Developer/Platforms/iPhoneSimulator.platform/Developer/SDKs/iPhoneSimulator26.2.sdk/System/Library/Frameworks/PhotosUI.framework/Modules/PhotosUI.swiftcrossimport/WidgetKit.swiftoverlay -swift-module-cross-import StoreKit /Applications/Xcode.app/Contents/Developer/Platforms/iPhoneSimulator.platform/Developer/SDKs/iPhoneSimulator.sdk/System/Library/Frameworks/StoreKit.framework/Modules/StoreKit.swiftcrossimport/SwiftUI.swiftoverlay -swift-module-cross-import StoreKit /Applications/Xcode.app/Contents/Developer/Platforms/iPhoneSimulator.platform/Developer/SDKs/iPhoneSimulator26.2.sdk/System/Library/Frameworks/StoreKit.framework/Modules/StoreKit.swiftcrossimport/SwiftUI.swiftoverlay -swift-module-cross-import SwiftData /Applications/Xcode.app/Contents/Developer/Platforms/iPhoneSimulator.platform/Developer/SDKs/iPhoneSimulator26.2.sdk/System/Library/Frameworks/SwiftData.framework/Modules/SwiftData.swiftcrossimport/CoreData.swiftoverlay -swift-module-cross-import SwiftData /Applications/Xcode.app/Contents/Developer/Platforms/iPhoneSimulator.platform/Developer/SDKs/iPhoneSimulator26.2.sdk/System/Library/Frameworks/SwiftData.framework/Modules/SwiftData.swiftcrossimport/SwiftUI.swiftoverlay -load-resolved-plugin /Applications/Xcode.app/Contents/Developer/Platforms/iPhoneOS.platform/Developer/usr/lib/swift/host/plugins/libFoundationMacros.dylib\#/Applications/Xcode.app/Contents/Developer/Platforms/iPhoneOS.platform/Developer/usr/bin/swift-plugin-server\#FoundationMacros -load-resolved-plugin /Applications/Xcode.app/Contents/Developer/Platforms/iPhoneOS.platform/Developer/usr/lib/swift/host/plugins/libObservationMacros.dylib\#/Applications/Xcode.app/Contents/Developer/Platforms/iPhoneOS.platform/Developer/usr/bin/swift-plugin-server\#ObservationMacros -load-resolved-plugin /Applications/Xcode.app/Contents/Developer/Platforms/iPhoneOS.platform/Developer/usr/lib/swift/host/plugins/libPreviewsMacros.dylib\#/Applications/Xcode.app/Contents/Developer/Platforms/iPhoneOS.platform/Developer/usr/bin/swift-plugin-server\#PreviewsMacros -load-resolved-plugin /Applications/Xcode.app/Contents/Developer/Platforms/iPhoneOS.platform/Developer/usr/lib/swift/host/plugins/libSwiftDataMacros.dylib\#/Applications/Xcode.app/Contents/Developer/Platforms/iPhoneOS.platform/Developer/usr/bin/swift-plugin-server\#SwiftDataMacros -load-resolved-plugin /Applications/Xcode.app/Contents/Developer/Platforms/iPhoneOS.platform/Developer/usr/lib/swift/host/plugins/libSwiftMacros.dylib\#/Applications/Xcode.app/Contents/Developer/Platforms/iPhoneOS.platform/Developer/usr/bin/swift-plugin-server\#SwiftMacros -load-resolved-plugin /Applications/Xcode.app/Contents/Developer/Platforms/iPhoneOS.platform/Developer/usr/lib/swift/host/plugins/libSwiftUIMacros.dylib\#/Applications/Xcode.app/Contents/Developer/Platforms/iPhoneOS.platform/Developer/usr/bin/swift-plugin-server\#SwiftUIMacros -disable-implicit-swift-modules -Xcc -fno-implicit-modules -Xcc -fno-implicit-module-maps -explicit-swift-module-map-file /Users/arboy/Library/Developer/Xcode/DerivedData/Echoes-ennunyhdmbhcjsgamhppxhhdeonb/Build/Intermediates.noindex/Echoes.build/Debug-iphonesimulator/Echoes.build/Objects-normal/arm64/Echoes-dependencies-1.json -Xllvm -aarch64-use-tbi -enable-objc-interop -sdk /Applications/Xcode.app/Contents/Developer/Platforms/iPhoneSimulator.platform/Developer/SDKs/iPhoneSimulator26.2.sdk -I /Users/arboy/Library/Developer/Xcode/DerivedData/Echoes-ennunyhdmbhcjsgamhppxhhdeonb/Build/Products/Debug-iphonesimulator -F /Users/arboy/Library/Developer/Xcode/DerivedData/Echoes-ennunyhdmbhcjsgamhppxhhdeonb/Build/Products/Debug-iphonesimulator -no-color-diagnostics -Xcc -fno-color-diagnostics -enable-testing -g -debug-info-format\=dwarf -dwarf-version\=5 -module-cache-path /Users/arboy/Library/Developer/Xcode/DerivedData/Echoes-ennunyhdmbhcjsgamhppxhhdeonb/Build/Intermediates.noindex/SwiftExplicitPrecompiledModules -swift-version 5 -enforce-exclusivity\=checked -Onone -D DEBUG -serialize-debugging-options -const-gather-protocols-file /Users/arboy/Library/Developer/Xcode/DerivedData/Echoes-ennunyhdmbhcjsgamhppxhhdeonb/Build/Intermediates.noindex/Echoes.build/Debug-iphonesimulator/Echoes.build/Objects-normal/arm64/Echoes_const_extract_protocols.json -enable-upcoming-feature DisableOutwardActorInference -enable-upcoming-feature InferSendableFromCaptures -enable-upcoming-feature GlobalActorIsolatedTypesUsability -enable-upcoming-feature MemberImportVisibility -enable-upcoming-feature InferIsolatedConformances -enable-upcoming-feature NonisolatedNonsendingByDefault -enable-experimental-feature DebugDescriptionMacro -enable-bare-slash-regex -default-isolation\=MainActor -empty-abi-descriptor -validate-clang-modules-once -clang-build-session-file /Users/arboy/Library/Developer/Xcode/DerivedData/ModuleCache.noindex/Session.modulevalidation -Xcc -working-directory -Xcc /Users/arboy/dev/apple-competition/Echoes -enable-anonymous-context-mangled-names -file-compilation-dir /Users/arboy/dev/apple-competition/Echoes -Xcc -D_LIBCPP_HARDENING_MODE\=_LIBCPP_HARDENING_MODE_DEBUG -Xcc -ivfsstatcache -Xcc /Users/arboy/Library/Developer/Xcode/DerivedData/SDKStatCaches.noindex/iphonesimulator26.2-23C53-7d00a8b37fbd7999ea79df8ebc024bf0.sdkstatcache -Xcc -I/Users/arboy/Library/Developer/Xcode/DerivedData/Echoes-ennunyhdmbhcjsgamhppxhhdeonb/Build/Intermediates.noindex/Echoes.build/Debug-iphonesimulator/Echoes.build/swift-overrides.hmap -Xcc -iquote -Xcc /Users/arboy/Library/Developer/Xcode/DerivedData/Echoes-ennunyhdmbhcjsgamhppxhhdeonb/Build/Intermediates.noindex/Echoes.build/Debug-iphonesimulator/Echoes.build/Echoes-generated-files.hmap -Xcc -I/Users/arboy/Library/Developer/Xcode/DerivedData/Echoes-ennunyhdmbhcjsgamhppxhhdeonb/Build/Intermediates.noindex/Echoes.build/Debug-iphonesimulator/Echoes.build/Echoes-own-target-headers.hmap -Xcc -I/Users/arboy/Library/Developer/Xcode/DerivedData/Echoes-ennunyhdmbhcjsgamhppxhhdeonb/Build/Intermediates.noindex/Echoes.build/Debug-iphonesimulator/Echoes.build/Echoes-all-target-headers.hmap -Xcc -iquote -Xcc /Users/arboy/Library/Developer/Xcode/DerivedData/Echoes-ennunyhdmbhcjsgamhppxhhdeonb/Build/Intermediates.noindex/Echoes.build/Debug-iphonesimulator/Echoes.build/Echoes-project-headers.hmap -Xcc -I/Users/arboy/Library/Developer/Xcode/DerivedData/Echoes-ennunyhdmbhcjsgamhppxhhdeonb/Build/Products/Debug-iphonesimulator/include -Xcc -I/Users/arboy/Library/Developer/Xcode/DerivedData/Echoes-ennunyhdmbhcjsgamhppxhhdeonb/Build/Intermediates.noindex/Echoes.build/Debug-iphonesimulator/Echoes.build/DerivedSources-normal/arm64 -Xcc -I/Users/arboy/Library/Developer/Xcode/DerivedData/Echoes-ennunyhdmbhcjsgamhppxhhdeonb/Build/Intermediates.noindex/Echoes.build/Debug-iphonesimulator/Echoes.build/DerivedSources/arm64 -Xcc -I/Users/arboy/Library/Developer/Xcode/DerivedData/Echoes-ennunyhdmbhcjsgamhppxhhdeonb/Build/Intermediates.noindex/Echoes.build/Debug-iphonesimulator/Echoes.build/DerivedSources -Xcc -DDEBUG\=1 -no-auto-bridging-header-chaining -module-name Echoes -frontend-parseable-output -disable-clang-spi -target-sdk-version 26.2 -target-sdk-name iphonesimulator26.2 -clang-target arm64-apple-ios26.2-simulator -in-process-plugin-server-path /Applications/Xcode.app/Contents/Developer/Toolchains/XcodeDefault.xctoolchain/usr/lib/swift/host/libSwiftInProcPluginServer.dylib -o /Users/arboy/Library/Developer/Xcode/DerivedData/Echoes-ennunyhdmbhcjsgamhppxhhdeonb/Build/Intermediates.noindex/Echoes.build/Debug-iphonesimulator/Echoes.build/Objects-normal/arm64/OrbitMapView.o -index-unit-output-path /Echoes.build/Debug-iphonesimulator/Echoes.build/Objects-normal/arm64/OrbitMapView.o -index-store-path /Users/arboy/Library/Developer/Xcode/DerivedData/Echoes-ennunyhdmbhcjsgamhppxhhdeonb/Index.noindex/DataStore -index-system-modules
SwiftEmitModule normal arm64 Emitting\ module\ for\ Echoes (in target 'Echoes' from project 'Echoes')

EmitSwiftModule normal arm64 (in target 'Echoes' from project 'Echoes')
    cd /Users/arboy/dev/apple-competition/Echoes
    

SwiftDriverJobDiscovery normal arm64 Emitting module for Echoes (in target 'Echoes' from project 'Echoes')

SwiftDriver\ Compilation\ Requirements Echoes normal arm64 com.apple.xcode.tools.swift.compiler (in target 'Echoes' from project 'Echoes')
    cd /Users/arboy/dev/apple-competition/Echoes
    builtin-Swift-Compilation-Requirements -- /Applications/Xcode.app/Contents/Developer/Toolchains/XcodeDefault.xctoolchain/usr/bin/swiftc -module-name Echoes -Onone -enforce-exclusivity\=checked @/Users/arboy/Library/Developer/Xcode/DerivedData/Echoes-ennunyhdmbhcjsgamhppxhhdeonb/Build/Intermediates.noindex/Echoes.build/Debug-iphonesimulator/Echoes.build/Objects-normal/arm64/Echoes.SwiftFileList -DDEBUG -default-isolation\=MainActor -enable-bare-slash-regex -enable-upcoming-feature DisableOutwardActorInference -enable-upcoming-feature InferSendableFromCaptures -enable-upcoming-feature GlobalActorIsolatedTypesUsability -enable-upcoming-feature MemberImportVisibility -enable-upcoming-feature InferIsolatedConformances -enable-upcoming-feature NonisolatedNonsendingByDefault -enable-experimental-feature DebugDescriptionMacro -sdk /Applications/Xcode.app/Contents/Developer/Platforms/iPhoneSimulator.platform/Developer/SDKs/iPhoneSimulator26.2.sdk -target arm64-apple-ios26.2-simulator -g -module-cache-path /Users/arboy/Library/Developer/Xcode/DerivedData/ModuleCache.noindex -Xfrontend -serialize-debugging-options -enable-testing -index-store-path /Users/arboy/Library/Developer/Xcode/DerivedData/Echoes-ennunyhdmbhcjsgamhppxhhdeonb/Index.noindex/DataStore -Xcc -D_LIBCPP_HARDENING_MODE\=_LIBCPP_HARDENING_MODE_DEBUG -swift-version 5 -I /Users/arboy/Library/Developer/Xcode/DerivedData/Echoes-ennunyhdmbhcjsgamhppxhhdeonb/Build/Products/Debug-iphonesimulator -F /Users/arboy/Library/Developer/Xcode/DerivedData/Echoes-ennunyhdmbhcjsgamhppxhhdeonb/Build/Products/Debug-iphonesimulator -emit-localized-strings -emit-localized-strings-path /Users/arboy/Library/Developer/Xcode/DerivedData/Echoes-ennunyhdmbhcjsgamhppxhhdeonb/Build/Intermediates.noindex/Echoes.build/Debug-iphonesimulator/Echoes.build/Objects-normal/arm64 -c -j14 -enable-batch-mode -incremental -Xcc -ivfsstatcache -Xcc /Users/arboy/Library/Developer/Xcode/DerivedData/SDKStatCaches.noindex/iphonesimulator26.2-23C53-7d00a8b37fbd7999ea79df8ebc024bf0.sdkstatcache -output-file-map /Users/arboy/Library/Developer/Xcode/DerivedData/Echoes-ennunyhdmbhcjsgamhppxhhdeonb/Build/Intermediates.noindex/Echoes.build/Debug-iphonesimulator/Echoes.build/Objects-normal/arm64/Echoes-OutputFileMap.json -use-frontend-parseable-output -save-temps -no-color-diagnostics -explicit-module-build -module-cache-path /Users/arboy/Library/Developer/Xcode/DerivedData/Echoes-ennunyhdmbhcjsgamhppxhhdeonb/Build/Intermediates.noindex/SwiftExplicitPrecompiledModules -clang-scanner-module-cache-path /Users/arboy/Library/Developer/Xcode/DerivedData/ModuleCache.noindex -sdk-module-cache-path /Users/arboy/Library/Developer/Xcode/DerivedData/ModuleCache.noindex -serialize-diagnostics -emit-dependencies -emit-module -emit-module-path /Users/arboy/Library/Developer/Xcode/DerivedData/Echoes-ennunyhdmbhcjsgamhppxhhdeonb/Build/Intermediates.noindex/Echoes.build/Debug-iphonesimulator/Echoes.build/Objects-normal/arm64/Echoes.swiftmodule -validate-clang-modules-once -clang-build-session-file /Users/arboy/Library/Developer/Xcode/DerivedData/ModuleCache.noindex/Session.modulevalidation -Xcc -I/Users/arboy/Library/Developer/Xcode/DerivedData/Echoes-ennunyhdmbhcjsgamhppxhhdeonb/Build/Intermediates.noindex/Echoes.build/Debug-iphonesimulator/Echoes.build/swift-overrides.hmap -emit-const-values -Xfrontend -const-gather-protocols-file -Xfrontend /Users/arboy/Library/Developer/Xcode/DerivedData/Echoes-ennunyhdmbhcjsgamhppxhhdeonb/Build/Intermediates.noindex/Echoes.build/Debug-iphonesimulator/Echoes.build/Objects-normal/arm64/Echoes_const_extract_protocols.json -Xcc -iquote -Xcc /Users/arboy/Library/Developer/Xcode/DerivedData/Echoes-ennunyhdmbhcjsgamhppxhhdeonb/Build/Intermediates.noindex/Echoes.build/Debug-iphonesimulator/Echoes.build/Echoes-generated-files.hmap -Xcc -I/Users/arboy/Library/Developer/Xcode/DerivedData/Echoes-ennunyhdmbhcjsgamhppxhhdeonb/Build/Intermediates.noindex/Echoes.build/Debug-iphonesimulator/Echoes.build/Echoes-own-target-headers.hmap -Xcc -I/Users/arboy/Library/Developer/Xcode/DerivedData/Echoes-ennunyhdmbhcjsgamhppxhhdeonb/Build/Intermediates.noindex/Echoes.build/Debug-iphonesimulator/Echoes.build/Echoes-all-target-headers.hmap -Xcc -iquote -Xcc /Users/arboy/Library/Developer/Xcode/DerivedData/Echoes-ennunyhdmbhcjsgamhppxhhdeonb/Build/Intermediates.noindex/Echoes.build/Debug-iphonesimulator/Echoes.build/Echoes-project-headers.hmap -Xcc -I/Users/arboy/Library/Developer/Xcode/DerivedData/Echoes-ennunyhdmbhcjsgamhppxhhdeonb/Build/Products/Debug-iphonesimulator/include -Xcc -I/Users/arboy/Library/Developer/Xcode/DerivedData/Echoes-ennunyhdmbhcjsgamhppxhhdeonb/Build/Intermediates.noindex/Echoes.build/Debug-iphonesimulator/Echoes.build/DerivedSources-normal/arm64 -Xcc -I/Users/arboy/Library/Developer/Xcode/DerivedData/Echoes-ennunyhdmbhcjsgamhppxhhdeonb/Build/Intermediates.noindex/Echoes.build/Debug-iphonesimulator/Echoes.build/DerivedSources/arm64 -Xcc -I/Users/arboy/Library/Developer/Xcode/DerivedData/Echoes-ennunyhdmbhcjsgamhppxhhdeonb/Build/Intermediates.noindex/Echoes.build/Debug-iphonesimulator/Echoes.build/DerivedSources -Xcc -DDEBUG\=1 -emit-objc-header -emit-objc-header-path /Users/arboy/Library/Developer/Xcode/DerivedData/Echoes-ennunyhdmbhcjsgamhppxhhdeonb/Build/Intermediates.noindex/Echoes.build/Debug-iphonesimulator/Echoes.build/Objects-normal/arm64/Echoes-Swift.h -working-directory /Users/arboy/dev/apple-competition/Echoes -experimental-emit-module-separately -disable-cmo

Copy /Users/arboy/Library/Developer/Xcode/DerivedData/Echoes-ennunyhdmbhcjsgamhppxhhdeonb/Build/Products/Debug-iphonesimulator/Echoes.swiftmodule/arm64-apple-ios-simulator.abi.json /Users/arboy/Library/Developer/Xcode/DerivedData/Echoes-ennunyhdmbhcjsgamhppxhhdeonb/Build/Intermediates.noindex/Echoes.build/Debug-iphonesimulator/Echoes.build/Objects-normal/arm64/Echoes.abi.json (in target 'Echoes' from project 'Echoes')
    cd /Users/arboy/dev/apple-competition/Echoes
    builtin-copy -exclude .DS_Store -exclude CVS -exclude .svn -exclude .git -exclude .hg -resolve-src-symlinks -rename /Users/arboy/Library/Developer/Xcode/DerivedData/Echoes-ennunyhdmbhcjsgamhppxhhdeonb/Build/Intermediates.noindex/Echoes.build/Debug-iphonesimulator/Echoes.build/Objects-normal/arm64/Echoes.abi.json /Users/arboy/Library/Developer/Xcode/DerivedData/Echoes-ennunyhdmbhcjsgamhppxhhdeonb/Build/Products/Debug-iphonesimulator/Echoes.swiftmodule/arm64-apple-ios-simulator.abi.json

